// Jest Snapshot v1, https://goo.gl/fbAQLP

exports[`Card Snapshot test renders correctly 1`] = `
<View
  style={
    Array [
      Object {
        "alignItems": "center",
        "flexBasis": 0,
        "flexGrow": 1,
        "flexShrink": 1,
        "justifyContent": "center",
        "marginBottom": 40,
        "marginLeft": 40,
        "marginRight": 40,
        "marginTop": 40,
        "width": 233,
      },
    ]
  }
>
  <View
    accessible={true}
    focusable={false}
    isTVSelectable={true}
    onClick={[Function]}
    onResponderGrant={[Function]}
    onResponderMove={[Function]}
    onResponderRelease={[Function]}
    onResponderTerminate={[Function]}
    onResponderTerminationRequest={[Function]}
    onStartShouldSetResponder={[Function]}
    style={
      Array [
        Object {
          "borderRadius": 22,
          "height": 360,
          "width": 233,
        },
      ]
    }
  >
    <Image
      source={1}
      style={
        Array [
          Object {
            "borderRadius": 22,
            "height": 360,
            "width": 233,
          },
          null,
        ]
      }
    />
  </View>
</View>
`;
