// Jest Snapshot v1, https://goo.gl/fbAQLP

exports[`EventsTable Snapshot test renders correctly 1`] = `
<View
  style={
    Array [
      Object {
        "alignSelf": "center",
        "flexBasis": 0,
        "flexDirection": "row",
        "flexGrow": 1,
        "flexShrink": 1,
      },
    ]
  }
>
  <View>
    <View
      style={
        Array [
          Object {
            "alignItems": "center",
            "flexBasis": 0,
            "flexGrow": 1,
            "flexShrink": 1,
            "justifyContent": "center",
            "marginBottom": 10,
            "marginLeft": 10,
            "marginRight": 10,
            "marginTop": 10,
            "width": 233,
          },
        ]
      }
    >
      <View
        accessible={true}
        focusable={false}
        isTVSelectable={true}
        onClick={[Function]}
        onResponderGrant={[Function]}
        onResponderMove={[Function]}
        onResponderRelease={[Function]}
        onResponderTerminate={[Function]}
        onResponderTerminationRequest={[Function]}
        onStartShouldSetResponder={[Function]}
        style={
          Array [
            Object {
              "borderRadius": 22,
              "height": 360,
              "width": 233,
            },
          ]
        }
      >
        <Image
          source={1}
          style={
            Array [
              Object {
                "borderRadius": 22,
                "height": 360,
                "width": 233,
              },
              null,
            ]
          }
        />
      </View>
      <View
        style={
          Array [
            Object {
              "flexBasis": 0,
              "flexGrow": 1,
              "flexShrink": 1,
            },
          ]
        }
      >
        <View>
          <View
            accessible={true}
            focusable={true}
            isTVSelectable={true}
            onClick={[Function]}
            onResponderGrant={[Function]}
            onResponderMove={[Function]}
            onResponderRelease={[Function]}
            onResponderTerminate={[Function]}
            onResponderTerminationRequest={[Function]}
            onStartShouldSetResponder={[Function]}
            style={
              Object {
                "alignItems": "center",
                "backgroundColor": "#00609e",
                "borderRadius": 24,
                "height": 44,
                "justifyContent": "center",
                "margin": 7,
                "width": 44,
              }
            }
          >
            <Text />
          </View>
        </View>
      </View>
    </View>
  </View>
  <View
    style={
      Array [
        Object {
          "alignItems": "center",
          "flexBasis": 0,
          "flexDirection": "row",
          "flexGrow": 1,
          "flexShrink": 1,
          "justifyContent": "center",
        },
      ]
    }
  >
    <View
      style={
        Array [
          Object {
            "alignItems": "center",
            "flexBasis": 0,
            "flexGrow": 1,
            "flexShrink": 1,
            "justifyContent": "center",
            "marginBottom": 10,
            "marginLeft": 10,
            "marginRight": 10,
            "marginTop": 10,
            "width": 233,
          },
        ]
      }
    >
      <View
        accessible={true}
        focusable={true}
        isTVSelectable={true}
        onClick={[Function]}
        onResponderGrant={[Function]}
        onResponderMove={[Function]}
        onResponderRelease={[Function]}
        onResponderTerminate={[Function]}
        onResponderTerminationRequest={[Function]}
        onStartShouldSetResponder={[Function]}
        style={
          Array [
            Object {
              "borderRadius": 22,
              "height": 360,
              "width": 233,
            },
          ]
        }
      >
        <Image
          source={1}
          style={
            Array [
              Object {
                "borderRadius": 22,
                "height": 360,
                "width": 233,
              },
              null,
            ]
          }
        />
      </View>
      <View
        style={
          Array [
            Object {
              "flexBasis": 0,
              "flexGrow": 1,
              "flexShrink": 1,
            },
          ]
        }
      >
        <View>
          <View
            accessible={true}
            focusable={true}
            isTVSelectable={true}
            onClick={[Function]}
            onResponderGrant={[Function]}
            onResponderMove={[Function]}
            onResponderRelease={[Function]}
            onResponderTerminate={[Function]}
            onResponderTerminationRequest={[Function]}
            onStartShouldSetResponder={[Function]}
            style={
              Object {
                "alignItems": "center",
                "backgroundColor": "#00609e",
                "borderRadius": 24,
                "height": 44,
                "justifyContent": "center",
                "margin": 7,
                "width": 44,
              }
            }
          >
            <Text />
          </View>
        </View>
      </View>
    </View>
    <View
      style={
        Array [
          Object {
            "height": 360,
            "marginBottom": 10,
            "marginLeft": 10,
            "marginRight": 10,
            "marginTop": 10,
            "width": 233,
          },
        ]
      }
    />
  </View>
</View>
`;
